2023-01-01 10:01:00 ERROR: [E001] Failed to connect
2023-01-01 10:02:00 ERROR: [E002] Timeout
2023-01-01 10:03:00 ERROR: [E001] Failed to connect
